== arm a: live flywheel — first 2,000 test rows fired through the ladder
  fill 250/2000  cached=6
  fill 500/2000  cached=9
  fill 750/2000  cached=10
  fill 1000/2000  cached=11
  fill 1250/2000  cached=12
  fill 1500/2000  cached=14
  fill 1750/2000  cached=14
  fill 2000/2000  cached=14
{"requests": 2000, "tier_local": 14, "tier_history": 1986, "cached_docs_after_fill": 14, "fill_local_accuracy": 0.0714, "fill_overall_accuracy": 0.0335, "s": 4.6}
  cache short of 2000 (history began answering); topping up from TRAIN rows
    a-measure 100/1080
    a-measure 200/1080
    a-measure 300/1080
    a-measure 400/1080
    a-measure 500/1080
    a-measure 600/1080
    a-measure 700/1080
    a-measure 800/1080
    a-measure 900/1080
    a-measure 1000/1080
{"later_traffic_n": 1080, "history_share": 1.0, "history_at>=0.8_share": 0.025, "history_at>=0.8_accuracy": 0.0, "history_all_accuracy": 0.0148, "local_share": 0.0, "local_accuracy": 0.0, "overall_accuracy": 0.0148, "gate": "FAIL", "cached_docs_at_measure": 24}
== arm b: 2,000 gold 'hosted' answers cached, then later traffic
    b-measure 100/1080
    b-measure 200/1080
    b-measure 300/1080
    b-measure 400/1080
    b-measure 500/1080
    b-measure 600/1080
    b-measure 700/1080
    b-measure 800/1080
    b-measure 900/1080
    b-measure 1000/1080
{"later_traffic_n": 1080, "history_share": 1.0, "history_at>=0.8_share": 0.1056, "history_at>=0.8_accuracy": 0.0, "history_all_accuracy": 0.0, "local_share": 0.0, "local_accuracy": 0.0, "overall_accuracy": 0.0, "gate": "FAIL"}
